[22:18:47] [main/INFO]: Loading Minecraft 26.3 with Fabric Loader 0.19.5
[22:18:47] [main/INFO]: Mappings not present!
[22:18:47] [main/INFO]: Loading 4 mods:
	- fabricloader 0.19.5
	   \-- mixinextras 0.5.5
	- java 25
	- minecraft 26.3
[22:18:47] [main/INFO]: SpongePowered MIXIN Subsystem Version=0.8.7 Source=file:/D:/server-packs/26.3-Fabric-ServerPack/libraries/net/fabricmc/sponge-mixin/0.17.4+mixin.0.8.7/sponge-mixin-0.17.4+mixin.0.8.7.jar Service=Knot/Fabric Env=SERVER
[22:18:50] [main/INFO]: Environment: Environment[discoveryUrl=https://discovery.minecraftservices.com/minecraft/client, name=PROD]
[22:18:51] [Worker-Main-22/INFO]: Loaded 1866 advancements
[22:18:51] [Server thread/INFO]: Starting minecraft server version 26.3
[22:18:51] [Server thread/INFO]: Loading properties
[22:18:51] [Server thread/INFO]: Default game type: SURVIVAL
[22:18:51] [Server thread/INFO]: Generating keypair
[22:18:51] [Server thread/INFO]: Starting Minecraft server on *:25565
[22:18:51] [Server thread/WARN]: **** SERVER IS RUNNING IN OFFLINE/INSECURE MODE!
[22:18:51] [Server thread/WARN]: The server will make no attempt to authenticate usernames. Beware.
[22:18:51] [Server thread/WARN]: While this makes the game possible to play without internet access, it also opens up the ability for hackers to connect with any username they choose.
[22:18:51] [Server thread/WARN]: To change this, set "online-mode" to "true" in the server.properties file.
[22:18:51] [Server thread/INFO]: Preparing level "world"
[22:18:51] [Server thread/INFO]: Loading 0 persistent chunks...
[22:18:51] [Server thread/INFO]: Preparing spawn area: 100%
[22:18:51] [Server thread/INFO]: Time elapsed: 13 ms
[22:18:51] [Server thread/INFO]: Done (0.163s)! For help, type "help"
[22:18:51] [Server thread/INFO]: Saving chunks for level 'ServerLevel[world]'/minecraft:overworld
[22:18:51] [Server thread/INFO]: Saving chunks for level 'ServerLevel[world]'/minecraft:the_end
[22:18:51] [Server thread/INFO]: Saving chunks for level 'ServerLevel[world]'/minecraft:the_nether
