[13:23:35] [main/INFO]: Loading Minecraft 26.3 with Fabric Loader 0.19.5
[13:23:35] [main/INFO]: Loading 4 mods:
	- fabricloader 0.19.5
	   \-- mixinextras 0.5.5
	- java 25
	- minecraft 26.3
[13:23:35] [main/INFO]: SpongePowered MIXIN Subsystem Version=0.8.7 Source=file:/D:/HMCL/.minecraft/libraries/net/fabricmc/sponge-mixin/0.17.4+mixin.0.8.7/sponge-mixin-0.17.4+mixin.0.8.7.jar Service=Knot/Fabric Env=CLIENT
[13:23:37] [Datafixer Bootstrap #0/INFO]: 307 Datafixer optimizations took 287 milliseconds
[13:23:39] [Render thread/INFO]: Environment: Environment[discoveryUrl=https://discovery.minecraftservices.com/minecraft/client, name=PROD]
[13:23:39] [Render thread/INFO]: Setting user: compound0921
[13:23:39] [Render thread/INFO]: Backend library: LWJGL version 3.4.3-snapshot
[13:23:39] [Render thread/INFO]: SDL [SYSTEM]: App name: Minecraft
[13:23:39] [Render thread/INFO]: SDL [SYSTEM]: App version: 26.3
[13:23:39] [Render thread/INFO]: SDL [SYSTEM]: App ID: com.mojang.minecraft
[13:23:39] [Render thread/INFO]: SDL [SYSTEM]: SDL revision: SDL-3.4.14-62f10da
[13:23:40] [Render thread/INFO]: Using graphics backend OpenGL, using drivers: 3.3.0 NVIDIA 610.88
[13:23:40] [Render thread/INFO]: Using graphics device: NVIDIA GeForce RTX 5060 Laptop GPU/PCIe/SSE2 (NVIDIA Corporation)
[13:23:40] [Render thread/INFO]: Using graphics device extensions: GL_ARB_multi_draw_indirect, GL_ARB_shader_draw_parameters, GL_ARB_base_instance, GL_KHR_debug, GL_ARB_draw_indirect, GL_ARB_clip_control, GL_ARB_vertex_attrib_binding, GL_ARB_direct_state_access, GL_EXT_texture_filter_anisotropic
[13:23:40] [Render thread/INFO]: Created window using SDL video driver: windows
[13:23:42] [Render thread/INFO]: Reloading ResourceManager: vanilla, vanilla
[13:23:42] [Worker-Main-23/INFO]: Found unifont_pua-17.0.01.hex, loading
[13:23:42] [Worker-Main-21/INFO]: Found unifont_all_no_pua-17.0.01.hex, loading
[13:23:42] [Worker-Main-22/INFO]: Found unifont_jp_patch-17.0.01.hex, loading
[13:23:44] [Render thread/INFO]: OpenAL initialized on device OpenAL Soft on ±Ê¼Ç±¾ÑïÉùÆ÷ (Realtek(R) Audio)
[13:23:44] [Render thread/INFO]: Sound engine started
[13:23:44] [Render thread/INFO]: Created: 512x256x0 minecraft:textures/atlas/particles.png-atlas
[13:23:44] [Render thread/INFO]: Created: 256x128x0 minecraft:textures/atlas/celestials.png-atlas
[13:23:44] [Render thread/INFO]: Created: 128x128x0 minecraft:textures/atlas/decorated_pot.png-atlas
[13:23:44] [Render thread/INFO]: Created: 512x256x0 minecraft:textures/atlas/paintings.png-atlas
[13:23:44] [Render thread/INFO]: Created: 1024x512x0 minecraft:textures/atlas/shield_patterns.png-atlas
[13:23:44] [Render thread/INFO]: Created: 1024x512x0 minecraft:textures/atlas/banner_patterns.png-atlas
[13:23:44] [Render thread/INFO]: Created: 2048x2048x4 minecraft:textures/atlas/blocks.png-atlas
[13:23:44] [Render thread/INFO]: Created: 1024x512x0 minecraft:textures/atlas/items.png-atlas
[13:23:44] [Render thread/INFO]: Created: 1024x1024x0 minecraft:textures/atlas/gui.png-atlas
[13:23:44] [Render thread/INFO]: Created: 128x64x0 minecraft:textures/atlas/map_decorations.png-atlas
[13:23:44] [Render thread/INFO]: Created: 512x512x0 minecraft:textures/atlas/chest.png-atlas
[13:23:44] [Render thread/INFO]: Created: 512x512x0 minecraft:textures/atlas/shulker_boxes.png-atlas
[13:23:47] [Render thread/INFO]: Stopping!
